// Jest Snapshot v1, https://goo.gl/fbAQLP

exports[`App Root App Basic should match snapshot 1`] = `
<View
  style={
    Object {
      "flex": 1,
    }
  }
>
  <RNCSafeAreaProvider
    onInsetsChange={[Function]}
    style={
      Array [
        Object {
          "flex": 1,
        },
        undefined,
      ]
    }
  >
    <View
      onLayout={[Function]}
      style={
        Object {
          "flex": 1,
        }
      }
    >
      <View
        pointerEvents="box-none"
        style={
          Object {
            "bottom": 0,
            "left": 0,
            "position": "absolute",
            "right": 0,
            "top": 0,
          }
        }
      >
        <View
          collapsable={false}
          style={
            Object {
              "opacity": 1,
            }
          }
        />
        <View
          accessibilityElementsHidden={false}
          closing={false}
          gestureVelocityImpact={0.3}
          importantForAccessibility="auto"
          onClose={[Function]}
          onGestureBegin={[Function]}
          onGestureCanceled={[Function]}
          onGestureEnd={[Function]}
          onOpen={[Function]}
          onTransitionStart={[Function]}
          pointerEvents="box-none"
          style={
            Object {
              "bottom": 0,
              "left": 0,
              "position": "absolute",
              "right": 0,
              "top": 0,
            }
          }
          transitionSpec={
            Object {
              "close": Object {
                "animation": "spring",
                "config": Object {
                  "damping": 500,
                  "mass": 3,
                  "overshootClamping": true,
                  "restDisplacementThreshold": 10,
                  "restSpeedThreshold": 10,
                  "stiffness": 1000,
                },
              },
              "open": Object {
                "animation": "spring",
                "config": Object {
                  "damping": 500,
                  "mass": 3,
                  "overshootClamping": true,
                  "restDisplacementThreshold": 10,
                  "restSpeedThreshold": 10,
                  "stiffness": 1000,
                },
              },
            }
          }
        >
          <View
            pointerEvents="box-none"
            style={
              Object {
                "bottom": 0,
                "left": 0,
                "position": "absolute",
                "right": 0,
                "top": 0,
              }
            }
          >
            <View
              pointerEvents="none"
              style={
                Object {
                  "backgroundColor": "#000",
                  "flex": 1,
                  "opacity": 0.07,
                }
              }
            />
          </View>
          <View
            pointerEvents="box-none"
            style={
              Object {
                "flex": 1,
              }
            }
          >
            <View
              collapsable={false}
              forwardedRef={[Function]}
              onGestureHandlerEvent={[Function]}
              onGestureHandlerStateChange={[Function]}
              style={
                Object {
                  "flex": 1,
                  "transform": Array [
                    Object {
                      "translateX": 0,
                    },
                    Object {
                      "translateX": 0,
                    },
                  ],
                }
              }
            >
              <View
                pointerEvents="none"
                style={
                  Object {
                    "backgroundColor": "rgb(242, 242, 242)",
                    "bottom": 0,
                    "left": 0,
                    "position": "absolute",
                    "shadowColor": "#000",
                    "shadowOffset": Object {
                      "height": 1,
                      "width": -1,
                    },
                    "shadowOpacity": 0.3,
                    "shadowRadius": 5,
                    "top": 0,
                    "width": 3,
                  }
                }
              />
              <View
                style={
                  Array [
                    Object {
                      "flex": 1,
                      "overflow": "hidden",
                    },
                    Array [
                      Object {
                        "backgroundColor": "rgb(242, 242, 242)",
                      },
                      undefined,
                    ],
                  ]
                }
              >
                <View
                  style={
                    Object {
                      "flex": 1,
                      "flexDirection": "column-reverse",
                    }
                  }
                >
                  <View
                    style={
                      Object {
                        "flex": 1,
                      }
                    }
                  >
                    <View
                      style={
                        Array [
                          Object {
                            "alignItems": "center",
                            "backgroundColor": "#abc",
                            "flexBasis": 0,
                            "flexGrow": 1,
                            "flexShrink": 1,
                            "justifyContent": "center",
                          },
                        ]
                      }
                    >
                      <Text
                        style={
                          Array [
                            Object {
                              "color": "rgb(28, 28, 30)",
                            },
                          ]
                        }
                      >
                        Onboard
                      </Text>
                    </View>
                  </View>
                </View>
              </View>
            </View>
          </View>
        </View>
      </View>
    </View>
  </RNCSafeAreaProvider>
</View>
`;
